
                                   Tue Apr 07 08:52:20 2015           Page 1
                                   Tue Apr 07 08:52:20 2015       gh_2i036.s
Command Line:   C:\GHS\V35\mips35\asmips.exe -noundefined -elf -b0
                -IC:\local\Workspace\DC_V04.01.00_int\cu3x1Platform_SRC\emWinColour
                -IC:\local\Workspace\DC_V04.01.00_int\cu3x1Platform_SRC\platform\include
                -IC:\local\Workspace\DC_V04.01.00_int\cu3x1Platform_SRC\platform\common
                -IC:\local\Workspace\DC_V04.01.00_int\cu3x1Platform_SRC\platform\hardware
                -IC:\local\Workspace\DC_V04.01.00_int\cu3x1Platform_SRC\platform\hardware\D3018X
                -IC:\local\Workspace\DC_V04.01.00_int\cu3x1Platform_SRC\embos\inc
                -IC:\local\Workspace\DC_V04.01.00_int\cu3x1Platform_SRC\emWinColour\config
                -IC:\local\Workspace\DC_V04.01.00_int\cu3x1Platform_SRC\emWinColour\gui\ConvertMono
                -IC:\local\Workspace\DC_V04.01.00_int\cu3x1Platform_SRC\emWinColour\gui\Core
                -IC:\local\Workspace\DC_V04.01.00_int\cu3x1Platform_SRC\emWinColour\gui\Font
                -IC:\local\Workspace\DC_V04.01.00_int\cu3x1Platform_SRC\emWinColour\gui\LCDDriver
                -IC:\local\Workspace\DC_V04.01.00_int\cu3x1Platform_SRC\emWinColour\gui\MemDev
                -IC:\local\Workspace\DC_V04.01.00_int\cu3x1Platform_SRC\emWinColour\gui\VNC
                -IC:\local\Workspace\DC_V04.01.00_int\cu3x1Platform_SRC\emWinColour\gui\Widget
                -IC:\local\Workspace\DC_V04.01.00_int\cu3x1Platform_SRC\emWinColour\gui\wm
                -IC:\local\Workspace\DC_V04.01.00_int\cu3x1App_SRC\Control\source
                -IC:\local\Workspace\DC_V04.01.00_int\cu3x1App_SRC\Control\source\include
                -IC:\local\Workspace\DC_V04.01.00_int\cu3x1App_SRC\Control\source\util
                -IC:\local\Workspace\DC_V04.01.00_int\cu3x1App_SRC\Control\source\datapoint
                -IC:\local\Workspace\DC_V04.01.00_int\cu3x1App_SRC\Control\source\factory
                -IC:\local\Workspace\DC_V04.01.00_int\cu3x1Platform_SRC\embos
                -IC:\local\Workspace\DC_V04.01.00_int\cu3x1Platform_SRC\emWinColour\gui\core
                -IC:\local\Workspace\DC_V04.01.00_int\cu3x1App_SRC\Control\source\rtip\webpage
                -IC:\local\Workspace\DC_V04.01.00_int\cu3x1App_SRC\Control\source\rtip\config
                -IC:\local\Workspace\DC_V04.01.00_int\cu3x1App_SRC\Control\source\rtip\xnet
                -IC:\local\Workspace\DC_V04.01.00_int\cu3x1App_SRC\Control\source\stub
                -IC:\local\Workspace\DC_V04.01.00_int\cu3x1App_SRC\Control\source\test
                -IC:\local\Workspace\DC_V04.01.00_int\cu3x1App_SRC\Control\source\GENIpro
                -IC:\local\Workspace\DC_V04.01.00_int\cu3x1App_SRC\Control\source\GENIpro\GENI_sys
                -IC:\local\Workspace\DC_V04.01.00_int\cu3x1App_SRC\Control\source\GENIpro\GENIusb\emUSB\USB\Driver
                -IC:\local\Workspace\DC_V04.01.00_int\cu3x1App_SRC\Control\source\application\intercom
                -IC:\local\Workspace\DC_V04.01.00_int\cu3x1App_SRC\Control\source\application\controller
                -IC:\local\Workspace\DC_V04.01.00_int\cu3x1App_SRC\Control\source\application\driver
                -IC:\local\Workspace\DC_V04.01.00_int\cu3x1App_SRC\Control\source\application\webif
                -IC:\local\Workspace\DC_V04.01.00_int\cu3x1App_SRC\Control\source\application\relay
                -IC:\local\Workspace\DC_V04.01.00_int\cu3x1App_SRC\Control\source\application\GENIApp
                -IC:\local\Workspace\DC_V04.01.00_int\cu3x1App_SRC\Control\source\application\alarm
                -IC:\local\Workspace\DC_V04.01.00_int\cu3x1App_SRC\Control\source\application\config
                -IC:\local\Workspace\DC_V04.01.00_int\cu3x1App_SRC\Control\source\application\AnaInConfigCtrl
                -IC:\local\Workspace\DC_V04.01.00_int\cu3x1App_SRC\Control\source\application\Sms
                -IC:\local\Workspace\DC_V04.01.00_int\cu3x1App_SRC\Control\source\application\display
                -IC:\local\Workspace\DC_V04.01.00_int\cu3x1App_SRC\Control\source\application\display\display_task
                -IC:\local\Workspace\DC_V04.01.00_int\cu3x1App_SRC\Control\source\application\display\gui_utility
                -IC:\local\Workspace\DC_V04.01.00_int\cu3x1App_SRC\Control\source\application\display\mpcunit
                -IC:\local\Workspace\DC_V04.01.00_int\cu3x1App_SRC\Control\source\GeniPro
                -IC:\local\Workspace\DC_V04.01.00_int\cu3x1App_SRC\Control\source\GeniPro\GENI_sys
                -IC:\local\Workspace\DC_V04.01.00_int\cu3x1App_SRC\Control\source\GeniPro\GENIbus
                -IC:\local\Workspace\DC_V04.01.00_int\cu3x1App_SRC\Control\source\GeniPro\GENIcom
                -IC:\local\Workspace\DC_V04.01.00_int\cu3x1App_SRC\Control\source\GeniPro\GENIrs232
                -IC:\local\Workspace\DC_V04.01.00_int\cu3x1App_SRC\Control\source\GeniPro\Virtual
                -IC:\local\Workspace\DC_V04.01.00_int\cu3x1Platform_SRC\Platform\common
                -IC:\local\Workspace\DC_V04.01.00_int\cu3x1Platform_SRC\Platform\hardware
                -IC:\local\Workspace\DC_V04.01.00_int\cu3x1Platform_SRC\Platform\hardware\D3018X
                -IC:\local\Workspace\DC_V04.01.00_int\cu3x1App_SRC\Control\source\application\display\imagesTFT
                -IC:\GHS\V35\mips35\mipsl_sf -r4121 -source=GUI_X_embOS.c -o
                objs\gh_2i036.o -list=objs\GUI_X_embOS.lst
                C:\Users\55602\AppData\Local\Temp\gh_2i036.s
Source File:    C:\Users\55602\AppData\Local\Temp\gh_2i036.s
Directory:      C:\local\Workspace\DC_V04.01.00_int\cu3x1App_SRC\Control\source
Host OS:        GHS_WIN32
Version:        AS-MIPS 3.5#11 
Release:        MULTI 2000, MIPS v3.5
Revision Date:  Wed Feb 27 12:19:03 2002
Release Date:   Sat Mar 02 02:57:59 2002
                             1	 #Source File:   C:\local\Workspace\DC_V04.01.00_int\cu3x1Platform_SRC\emWinColour\Config\GUI_X_embOS.c

                                   Tue Apr 07 08:52:20 2015           Page 2
                                   Tue Apr 07 08:52:20 2015       gh_2i036.s
                             2	 #Directory:     
                             3	 #		C:\local\Workspace\DC_V04.01.00_int\cu3x1App_SRC\Control\source
                             4	 #Compile Date:  Tue Apr 07 08:52:20 2015
                             5	 #Host OS:       Win32
                             6	 #Version:       C-MIPS 3.5#11 RELEASE VERSION
                             7	 #Release:       MULTI 2000, MIPS v3.5
                             8	 #Revision Date: Fri Mar 01 11:32:40 2002
                             9	 #Release Date:  Sat Mar 02 02:58:48 2002
                            10		.set	noat
                            11		.set	noreorder
                            12		.set	nomacro
                            13		.text
                            14		.align	4
                            15		.globl	GUI_X_GetTime
                            16	GUI_X_GetTime:
                            17	 #	    .bf
                            18	 #	    .ef
        03e00008 00000000   19		jr	$ra
        8f820000 00000004   20		lw	$2, %sdaoff(OS_Time)($28)
                            21		.type	GUI_X_GetTime,@function
                            22		.size	GUI_X_GetTime,.-GUI_X_GetTime
                            23		.align	4
                            24	
                            25		.data
                            26	.L15:
                            27		.bss	RSema,20,4
                            28	
                            29		.lsbss	_pGUITask,4,4
                            30	
                            31		.text
                            32		.align	4
                            33		.align	4
                            34		.globl	GUI_X_Delay
                            35	GUI_X_Delay:
                            36	 #	    .bf
        08000000 00000008   37		j	OS_Delay
        00000000 0000000c   38		nop
                            39	 #	    .ef
                            40		.type	GUI_X_Delay,@function
                            41		.size	GUI_X_Delay,.-GUI_X_Delay
                            42		.align	4
                            43	
                            44	 #Period	none	param
                            45	
                            46		.data
                            47	.L34:
                            48		.text
                            49		.align	4
                            50		.align	4
                            51		.globl	GUI_X_ExecIdle
                            52	GUI_X_ExecIdle:
                            53	 #	    .bf
        08000000 00000010   54		j	OS_Delay
        34040001 00000014   55		ori	$4, $0, 1
                            56	 #	    .ef
                            57		.type	GUI_X_ExecIdle,@function

                                   Tue Apr 07 08:52:20 2015           Page 3
                                   Tue Apr 07 08:52:20 2015       gh_2i036.s
                            58		.size	GUI_X_ExecIdle,.-GUI_X_ExecIdle
                            59		.align	4
                            60	
                            61		.data
                            62	.L53:
                            63		.text
                            64		.align	4
                            65		.align	4
                            66		.globl	GUI_X_InitOS
                            67	GUI_X_InitOS:
        3c040000 00000018   68		lui	$4, %hi(RSema)
                            69	 #	    .bf
        08000000 0000001c   70		j	OS_CreateRSema
        24840000 00000020   71		addiu	$4, $4, %lo(RSema)
                            72	 #	    .ef
                            73		.type	GUI_X_InitOS,@function
                            74		.size	GUI_X_InitOS,.-GUI_X_InitOS
                            75		.align	4
                            76	
                            77		.data
                            78	.L72:
                            79		.text
                            80		.align	4
                            81		.align	4
                            82		.globl	GUI_X_Unlock
                            83	GUI_X_Unlock:
        3c040000 00000024   84		lui	$4, %hi(RSema)
                            85	 #	    .bf
        08000000 00000028   86		j	OS_Unuse
        24840000 0000002c   87		addiu	$4, $4, %lo(RSema)
                            88	 #	    .ef
                            89		.type	GUI_X_Unlock,@function
                            90		.size	GUI_X_Unlock,.-GUI_X_Unlock
                            91		.align	4
                            92	
                            93		.data
                            94	.L91:
                            95		.text
                            96		.align	4
                            97		.align	4
                            98		.globl	GUI_X_Lock
                            99	GUI_X_Lock:
        3c040000 00000030  100		lui	$4, %hi(RSema)
                           101	 #	    .bf
        08000000 00000034  102		j	OS_Use
        24840000 00000038  103		addiu	$4, $4, %lo(RSema)
                           104	 #	    .ef
                           105		.type	GUI_X_Lock,@function
                           106		.size	GUI_X_Lock,.-GUI_X_Lock
                           107		.align	4
                           108	
                           109		.data
                           110	.L110:
                           111		.text
                           112		.align	4
                           113		.align	4

                                   Tue Apr 07 08:52:20 2015           Page 4
                                   Tue Apr 07 08:52:20 2015       gh_2i036.s
                           114		.globl	GUI_X_GetTaskId
                           115	GUI_X_GetTaskId:
                           116	 #	    .bf
                           117	 #	    .ef
        03e00008 0000003c  118		jr	$ra
        8f820000 00000040  119		lw	$2, %sdaoff(OS_pCurrentTask)($28)
                           120		.type	GUI_X_GetTaskId,@function
                           121		.size	GUI_X_GetTaskId,.-GUI_X_GetTaskId
                           122		.align	4
                           123	
                           124		.data
                           125	.L129:
                           126		.text
                           127		.align	4
                           128		.align	4
                           129		.globl	GUI_X_WaitEvent
                           130	GUI_X_WaitEvent:
        8f990000 00000044  131		lw	$25, %sdaoff(OS_pCurrentTask)($28)
                           132	 #	    .bf
        34040001 00000048  133		ori	$4, $0, 1
        08000000 0000004c  134		j	OS_WaitEvent
        af990000 00000050  135		sw	$25, %sdaoff(_pGUITask)($28)
                           136	 #	    .ef
                           137		.type	GUI_X_WaitEvent,@function
                           138		.size	GUI_X_WaitEvent,.-GUI_X_WaitEvent
                           139		.align	4
                           140	
                           141		.data
                           142	.L148:
                           143		.text
                           144		.align	4
                           145		.align	4
                           146		.globl	GUI_X_SignalEvent
                           147	GUI_X_SignalEvent:
        34040001 00000054  148		ori	$4, $0, 1
                           149	 #	    .bf
        08000000 00000058  150		j	OS_SignalEvent
        8f850000 0000005c  151		lw	$5, %sdaoff(_pGUITask)($28)
                           152	 #	    .ef
                           153		.type	GUI_X_SignalEvent,@function
                           154		.size	GUI_X_SignalEvent,.-GUI_X_SignalEvent
                           155		.align	4
                           156	
                           157		.data
                           158	.L167:
                           159		.text
                           160		.align	4
                           161		.align	4
                           162		.globl	GUI_X_Log
                           163	GUI_X_Log:
                           164	 #	    .bf
        08000000 00000060  165		j	OS_SendString
        00000000 00000064  166		nop
                           167	 #	    .ef
                           168		.type	GUI_X_Log,@function
                           169		.size	GUI_X_Log,.-GUI_X_Log

                                   Tue Apr 07 08:52:20 2015           Page 5
                                   Tue Apr 07 08:52:20 2015       gh_2i036.s
                           170		.align	4
                           171	
                           172	 #s	none	param
                           173	
                           174		.data
                           175	.L186:
                           176		.text
                           177		.align	4
                           178		.align	4
                           179		.globl	GUI_X_Warn
                           180	GUI_X_Warn:
                           181	 #	    .bf
        08000000 00000068  182		j	OS_SendString
        00000000 0000006c  183		nop
                           184	 #	    .ef
                           185		.type	GUI_X_Warn,@function
                           186		.size	GUI_X_Warn,.-GUI_X_Warn
                           187		.align	4
                           188	
                           189	 #s	none	param
                           190	
                           191		.data
                           192	.L205:
                           193		.text
                           194		.align	4
                           195		.align	4
                           196		.globl	GUI_X_ErrorOut
                           197	GUI_X_ErrorOut:
                           198	 #	    .bf
        08000000 00000070  199		j	OS_SendString
        00000000 00000074  200		nop
                           201	 #	    .ef
                           202		.type	GUI_X_ErrorOut,@function
                           203		.size	GUI_X_ErrorOut,.-GUI_X_ErrorOut
                           204		.align	4
                           205	
                           206	 #s	none	param
                           207	
                           208		.data
                           209	.L224:
                           210		.text
                           211		.align	4
                           212	 #OS_Time	%sdaoff(OS_Time)	import
                           213	 #OS_pCurrentTask	%sdaoff(OS_pCurrentTask)	import
                           214	 #RSema	RSema	static
                           215	 #_pGUITask	%sdaoff(_pGUITask)	static
                           216	
                           217		.data
                           218		.section ".bss","awb"
                           219		.align	4
                           220		.section ".sbss","awb"
                           221		.align	4
                           222		.text
