
                                   Tue Apr 07 08:53:37 2015           Page 1
                                   Tue Apr 07 08:53:37 2015       gh_2i04u.s
Command Line:   C:\GHS\V35\mips35\asmips.exe -noundefined -elf -b0
                -IC:\local\Workspace\DC_V04.01.00_int\cu3x1Platform_SRC\emWinColour
                -IC:\local\Workspace\DC_V04.01.00_int\cu3x1Platform_SRC\platform\include
                -IC:\local\Workspace\DC_V04.01.00_int\cu3x1Platform_SRC\platform\common
                -IC:\local\Workspace\DC_V04.01.00_int\cu3x1Platform_SRC\platform\hardware
                -IC:\local\Workspace\DC_V04.01.00_int\cu3x1Platform_SRC\platform\hardware\D3018X
                -IC:\local\Workspace\DC_V04.01.00_int\cu3x1Platform_SRC\embos\inc
                -IC:\local\Workspace\DC_V04.01.00_int\cu3x1Platform_SRC\emWinColour\config
                -IC:\local\Workspace\DC_V04.01.00_int\cu3x1Platform_SRC\emWinColour\gui\ConvertMono
                -IC:\local\Workspace\DC_V04.01.00_int\cu3x1Platform_SRC\emWinColour\gui\Core
                -IC:\local\Workspace\DC_V04.01.00_int\cu3x1Platform_SRC\emWinColour\gui\Font
                -IC:\local\Workspace\DC_V04.01.00_int\cu3x1Platform_SRC\emWinColour\gui\LCDDriver
                -IC:\local\Workspace\DC_V04.01.00_int\cu3x1Platform_SRC\emWinColour\gui\MemDev
                -IC:\local\Workspace\DC_V04.01.00_int\cu3x1Platform_SRC\emWinColour\gui\VNC
                -IC:\local\Workspace\DC_V04.01.00_int\cu3x1Platform_SRC\emWinColour\gui\Widget
                -IC:\local\Workspace\DC_V04.01.00_int\cu3x1Platform_SRC\emWinColour\gui\wm
                -IC:\local\Workspace\DC_V04.01.00_int\cu3x1App_SRC\Control\source
                -IC:\local\Workspace\DC_V04.01.00_int\cu3x1App_SRC\Control\source\include
                -IC:\local\Workspace\DC_V04.01.00_int\cu3x1App_SRC\Control\source\util
                -IC:\local\Workspace\DC_V04.01.00_int\cu3x1App_SRC\Control\source\datapoint
                -IC:\local\Workspace\DC_V04.01.00_int\cu3x1App_SRC\Control\source\factory
                -IC:\local\Workspace\DC_V04.01.00_int\cu3x1Platform_SRC\embos
                -IC:\local\Workspace\DC_V04.01.00_int\cu3x1Platform_SRC\emWinColour\gui\core
                -IC:\local\Workspace\DC_V04.01.00_int\cu3x1App_SRC\Control\source\rtip\webpage
                -IC:\local\Workspace\DC_V04.01.00_int\cu3x1App_SRC\Control\source\rtip\config
                -IC:\local\Workspace\DC_V04.01.00_int\cu3x1App_SRC\Control\source\rtip\xnet
                -IC:\local\Workspace\DC_V04.01.00_int\cu3x1App_SRC\Control\source\stub
                -IC:\local\Workspace\DC_V04.01.00_int\cu3x1App_SRC\Control\source\test
                -IC:\local\Workspace\DC_V04.01.00_int\cu3x1App_SRC\Control\source\GENIpro
                -IC:\local\Workspace\DC_V04.01.00_int\cu3x1App_SRC\Control\source\GENIpro\GENI_sys
                -IC:\local\Workspace\DC_V04.01.00_int\cu3x1App_SRC\Control\source\GENIpro\GENIusb\emUSB\USB\Driver
                -IC:\local\Workspace\DC_V04.01.00_int\cu3x1App_SRC\Control\source\application\intercom
                -IC:\local\Workspace\DC_V04.01.00_int\cu3x1App_SRC\Control\source\application\controller
                -IC:\local\Workspace\DC_V04.01.00_int\cu3x1App_SRC\Control\source\application\driver
                -IC:\local\Workspace\DC_V04.01.00_int\cu3x1App_SRC\Control\source\application\webif
                -IC:\local\Workspace\DC_V04.01.00_int\cu3x1App_SRC\Control\source\application\relay
                -IC:\local\Workspace\DC_V04.01.00_int\cu3x1App_SRC\Control\source\application\GENIApp
                -IC:\local\Workspace\DC_V04.01.00_int\cu3x1App_SRC\Control\source\application\alarm
                -IC:\local\Workspace\DC_V04.01.00_int\cu3x1App_SRC\Control\source\application\config
                -IC:\local\Workspace\DC_V04.01.00_int\cu3x1App_SRC\Control\source\application\AnaInConfigCtrl
                -IC:\local\Workspace\DC_V04.01.00_int\cu3x1App_SRC\Control\source\application\Sms
                -IC:\local\Workspace\DC_V04.01.00_int\cu3x1App_SRC\Control\source\application\display
                -IC:\local\Workspace\DC_V04.01.00_int\cu3x1App_SRC\Control\source\application\display\display_task
                -IC:\local\Workspace\DC_V04.01.00_int\cu3x1App_SRC\Control\source\application\display\gui_utility
                -IC:\local\Workspace\DC_V04.01.00_int\cu3x1App_SRC\Control\source\application\display\mpcunit
                -IC:\local\Workspace\DC_V04.01.00_int\cu3x1App_SRC\Control\source\GeniPro
                -IC:\local\Workspace\DC_V04.01.00_int\cu3x1App_SRC\Control\source\GeniPro\GENI_sys
                -IC:\local\Workspace\DC_V04.01.00_int\cu3x1App_SRC\Control\source\GeniPro\GENIbus
                -IC:\local\Workspace\DC_V04.01.00_int\cu3x1App_SRC\Control\source\GeniPro\GENIcom
                -IC:\local\Workspace\DC_V04.01.00_int\cu3x1App_SRC\Control\source\GeniPro\GENIrs232
                -IC:\local\Workspace\DC_V04.01.00_int\cu3x1App_SRC\Control\source\GeniPro\Virtual
                -IC:\local\Workspace\DC_V04.01.00_int\cu3x1Platform_SRC\Platform\common
                -IC:\local\Workspace\DC_V04.01.00_int\cu3x1Platform_SRC\Platform\hardware
                -IC:\local\Workspace\DC_V04.01.00_int\cu3x1Platform_SRC\Platform\hardware\D3018X
                -IC:\local\Workspace\DC_V04.01.00_int\cu3x1App_SRC\Control\source\application\display\imagesTFT
                -IC:\GHS\V35\mips35\mipsl_sf -r4121 -source=GUI_CursorHeaderMPx.c
                -o objs\gh_2i04u.o -list=objs\GUI_CursorHeaderMPx.lst
                C:\Users\55602\AppData\Local\Temp\gh_2i04u.s
Source File:    C:\Users\55602\AppData\Local\Temp\gh_2i04u.s
Directory:      C:\local\Workspace\DC_V04.01.00_int\cu3x1App_SRC\Control\source
Host OS:        GHS_WIN32
Version:        AS-MIPS 3.5#11 
Release:        MULTI 2000, MIPS v3.5
Revision Date:  Wed Feb 27 12:19:03 2002
Release Date:   Sat Mar 02 02:57:59 2002
                             1	 #Source File:   C:\local\Workspace\DC_V04.01.00_int\cu3x1Platform_SRC\emWinColour\GUI\Core\GUI_CursorHeaderMPx.c

                                   Tue Apr 07 08:53:37 2015           Page 2
                                   Tue Apr 07 08:53:37 2015       gh_2i04u.s
                             2	 #Directory:     
                             3	 #		C:\local\Workspace\DC_V04.01.00_int\cu3x1App_SRC\Control\source
                             4	 #Compile Date:  Tue Apr 07 08:53:37 2015
                             5	 #Host OS:       Win32
                             6	 #Version:       C-MIPS 3.5#11 RELEASE VERSION
                             7	 #Release:       MULTI 2000, MIPS v3.5
                             8	 #Revision Date: Fri Mar 01 11:32:40 2002
                             9	 #Release Date:  Sat Mar 02 02:58:48 2002
                            10		.set	noat
                            11		.set	noreorder
                            12		.set	nomacro
                            13	
                            14		.section ".rodata","a"
                            15	.L4:
                            16		.globl	GUI_PixelsHeaderM
              00 00000000   17	GUI_PixelsHeaderM:	.space	1
            9001 00000001   18		.byte	1,144
              00 00000003   19		.space	1
              00 00000004   20		.space	1
              00 00000005   21		.space	1
            9001 00000006   22		.byte	1,144
              00 00000008   23		.space	1
              00 00000009   24		.space	1
              00 0000000a   25		.space	1
            9001 0000000b   26		.byte	1,144
              00 0000000d   27		.space	1
              00 0000000e   28		.space	1
              00 0000000f   29		.space	1
            9001 00000010   30		.byte	1,144
              00 00000012   31		.space	1
              00 00000013   32		.space	1
              00 00000014   33		.space	1
            9001 00000015   34		.byte	1,144
              00 00000017   35		.space	1
              00 00000018   36		.space	1
              00 00000019   37		.space	1
            9001 0000001a   38		.byte	1,144
              00 0000001c   39		.space	1
              00 0000001d   40		.space	1
        04900104 0000001e   41		.byte	4,1,144,4
              00 00000022   42		.space	1
        59955519 00000023   43		.byte	25,85,149,89
              00 00000027   44		.space	1
        aaaaaa6a 00000028   45		.byte	106,170,170,170
        95551940 0000002c   46		.byte	64,25,85,149
              59 00000030   47		.byte	89
              00 00000031   48		.space	1
        04900104 00000032   49		.byte	4,1,144,4
              00 00000036   50		.space	1
              00 00000037   51		.space	1
            9001 00000038   52		.byte	1,144
              00 0000003a   53		.space	1
              00 0000003b   54		.space	1
              00 0000003c   55		.space	1
            9001 0000003d   56		.byte	1,144
              00 0000003f   57		.space	1

                                   Tue Apr 07 08:53:37 2015           Page 3
                                   Tue Apr 07 08:53:37 2015       gh_2i04u.s
              00 00000040   58		.space	1
              00 00000041   59		.space	1
            9001 00000042   60		.byte	1,144
              00 00000044   61		.space	1
              00 00000045   62		.space	1
              00 00000046   63		.space	1
            9001 00000047   64		.byte	1,144
              00 00000049   65		.space	1
              00 0000004a   66		.space	1
              00 0000004b   67		.space	1
            9001 0000004c   68		.byte	1,144
              00 0000004e   69		.space	1
              00 0000004f   70		.space	1
              00 00000050   71		.space	1
            9001 00000051   72		.byte	1,144
              00 00000053   73		.space	1
              00 00000054   74		.space	1
                            75		.type	GUI_PixelsHeaderM,@object
                            76		.size	GUI_PixelsHeaderM,88
                            77		.data
                            78		.section ".rodata","a"
          000000 00000055   79		.align	4
                            80		.text
