
                                   Tue Apr 07 08:56:35 2015           Page 1
                                   Tue Apr 07 08:56:35 2015       gh_2i08n.s
Command Line:   C:\GHS\V35\mips35\asmips.exe -noundefined -elf -b0
                -IC:\local\Workspace\DC_V04.01.00_int\cu3x1Platform_SRC\emWinColour
                -IC:\local\Workspace\DC_V04.01.00_int\cu3x1Platform_SRC\platform\include
                -IC:\local\Workspace\DC_V04.01.00_int\cu3x1Platform_SRC\platform\common
                -IC:\local\Workspace\DC_V04.01.00_int\cu3x1Platform_SRC\platform\hardware
                -IC:\local\Workspace\DC_V04.01.00_int\cu3x1Platform_SRC\platform\hardware\D3018X
                -IC:\local\Workspace\DC_V04.01.00_int\cu3x1Platform_SRC\embos\inc
                -IC:\local\Workspace\DC_V04.01.00_int\cu3x1Platform_SRC\emWinColour\config
                -IC:\local\Workspace\DC_V04.01.00_int\cu3x1Platform_SRC\emWinColour\gui\ConvertMono
                -IC:\local\Workspace\DC_V04.01.00_int\cu3x1Platform_SRC\emWinColour\gui\Core
                -IC:\local\Workspace\DC_V04.01.00_int\cu3x1Platform_SRC\emWinColour\gui\Font
                -IC:\local\Workspace\DC_V04.01.00_int\cu3x1Platform_SRC\emWinColour\gui\LCDDriver
                -IC:\local\Workspace\DC_V04.01.00_int\cu3x1Platform_SRC\emWinColour\gui\MemDev
                -IC:\local\Workspace\DC_V04.01.00_int\cu3x1Platform_SRC\emWinColour\gui\VNC
                -IC:\local\Workspace\DC_V04.01.00_int\cu3x1Platform_SRC\emWinColour\gui\Widget
                -IC:\local\Workspace\DC_V04.01.00_int\cu3x1Platform_SRC\emWinColour\gui\wm
                -IC:\local\Workspace\DC_V04.01.00_int\cu3x1App_SRC\Control\source
                -IC:\local\Workspace\DC_V04.01.00_int\cu3x1App_SRC\Control\source\include
                -IC:\local\Workspace\DC_V04.01.00_int\cu3x1App_SRC\Control\source\util
                -IC:\local\Workspace\DC_V04.01.00_int\cu3x1App_SRC\Control\source\datapoint
                -IC:\local\Workspace\DC_V04.01.00_int\cu3x1App_SRC\Control\source\factory
                -IC:\local\Workspace\DC_V04.01.00_int\cu3x1Platform_SRC\embos
                -IC:\local\Workspace\DC_V04.01.00_int\cu3x1Platform_SRC\emWinColour\gui\core
                -IC:\local\Workspace\DC_V04.01.00_int\cu3x1App_SRC\Control\source\rtip\webpage
                -IC:\local\Workspace\DC_V04.01.00_int\cu3x1App_SRC\Control\source\rtip\config
                -IC:\local\Workspace\DC_V04.01.00_int\cu3x1App_SRC\Control\source\rtip\xnet
                -IC:\local\Workspace\DC_V04.01.00_int\cu3x1App_SRC\Control\source\stub
                -IC:\local\Workspace\DC_V04.01.00_int\cu3x1App_SRC\Control\source\test
                -IC:\local\Workspace\DC_V04.01.00_int\cu3x1App_SRC\Control\source\GENIpro
                -IC:\local\Workspace\DC_V04.01.00_int\cu3x1App_SRC\Control\source\GENIpro\GENI_sys
                -IC:\local\Workspace\DC_V04.01.00_int\cu3x1App_SRC\Control\source\GENIpro\GENIusb\emUSB\USB\Driver
                -IC:\local\Workspace\DC_V04.01.00_int\cu3x1App_SRC\Control\source\application\intercom
                -IC:\local\Workspace\DC_V04.01.00_int\cu3x1App_SRC\Control\source\application\controller
                -IC:\local\Workspace\DC_V04.01.00_int\cu3x1App_SRC\Control\source\application\driver
                -IC:\local\Workspace\DC_V04.01.00_int\cu3x1App_SRC\Control\source\application\webif
                -IC:\local\Workspace\DC_V04.01.00_int\cu3x1App_SRC\Control\source\application\relay
                -IC:\local\Workspace\DC_V04.01.00_int\cu3x1App_SRC\Control\source\application\GENIApp
                -IC:\local\Workspace\DC_V04.01.00_int\cu3x1App_SRC\Control\source\application\alarm
                -IC:\local\Workspace\DC_V04.01.00_int\cu3x1App_SRC\Control\source\application\config
                -IC:\local\Workspace\DC_V04.01.00_int\cu3x1App_SRC\Control\source\application\AnaInConfigCtrl
                -IC:\local\Workspace\DC_V04.01.00_int\cu3x1App_SRC\Control\source\application\Sms
                -IC:\local\Workspace\DC_V04.01.00_int\cu3x1App_SRC\Control\source\application\display
                -IC:\local\Workspace\DC_V04.01.00_int\cu3x1App_SRC\Control\source\application\display\display_task
                -IC:\local\Workspace\DC_V04.01.00_int\cu3x1App_SRC\Control\source\application\display\gui_utility
                -IC:\local\Workspace\DC_V04.01.00_int\cu3x1App_SRC\Control\source\application\display\mpcunit
                -IC:\local\Workspace\DC_V04.01.00_int\cu3x1App_SRC\Control\source\GeniPro
                -IC:\local\Workspace\DC_V04.01.00_int\cu3x1App_SRC\Control\source\GeniPro\GENI_sys
                -IC:\local\Workspace\DC_V04.01.00_int\cu3x1App_SRC\Control\source\GeniPro\GENIbus
                -IC:\local\Workspace\DC_V04.01.00_int\cu3x1App_SRC\Control\source\GeniPro\GENIcom
                -IC:\local\Workspace\DC_V04.01.00_int\cu3x1App_SRC\Control\source\GeniPro\GENIrs232
                -IC:\local\Workspace\DC_V04.01.00_int\cu3x1App_SRC\Control\source\GeniPro\Virtual
                -IC:\local\Workspace\DC_V04.01.00_int\cu3x1Platform_SRC\Platform\common
                -IC:\local\Workspace\DC_V04.01.00_int\cu3x1Platform_SRC\Platform\hardware
                -IC:\local\Workspace\DC_V04.01.00_int\cu3x1Platform_SRC\Platform\hardware\D3018X
                -IC:\local\Workspace\DC_V04.01.00_int\cu3x1App_SRC\Control\source\application\display\imagesTFT
                -IC:\GHS\V35\mips35\mipsl_sf -r4121 -source=GUITask.c -o
                objs\gh_2i08n.o -list=objs\GUITask.lst
                C:\Users\55602\AppData\Local\Temp\gh_2i08n.s
Source File:    C:\Users\55602\AppData\Local\Temp\gh_2i08n.s
Directory:      C:\local\Workspace\DC_V04.01.00_int\cu3x1App_SRC\Control\source
Host OS:        GHS_WIN32
Version:        AS-MIPS 3.5#11 
Release:        MULTI 2000, MIPS v3.5
Revision Date:  Wed Feb 27 12:19:03 2002
Release Date:   Sat Mar 02 02:57:59 2002
                             1	 #Source File:   C:\local\Workspace\DC_V04.01.00_int\cu3x1Platform_SRC\emWinColour\GUI\Core\GUITask.c

                                   Tue Apr 07 08:56:35 2015           Page 2
                                   Tue Apr 07 08:56:35 2015       gh_2i08n.s
                             2	 #Directory:     
                             3	 #		C:\local\Workspace\DC_V04.01.00_int\cu3x1App_SRC\Control\source
                             4	 #Compile Date:  Tue Apr 07 08:56:35 2015
                             5	 #Host OS:       Win32
                             6	 #Version:       C-MIPS 3.5#11 RELEASE VERSION
                             7	 #Release:       MULTI 2000, MIPS v3.5
                             8	 #Revision Date: Fri Mar 01 11:32:40 2002
                             9	 #Release Date:  Sat Mar 02 02:58:48 2002
                            10		.set	noat
                            11		.set	noreorder
                            12		.set	nomacro
                            13		.text
                            14		.align	4
                            15		.globl	GUI_Unlock
                            16	GUI_Unlock:
        8f990000 00000000   17		lw	$25, %sdaoff(GUITASK__EntranceCnt)($28)
                            18	 #	    .bf
        2739ffff 00000004   19		addiu	$25, $25, -1
        17200003 00000008   20		bne	$25, $0, .L24
        af990000 0000000c   21		sw	$25, %sdaoff(GUITASK__EntranceCnt)($28)
        08000000 00000010   22		j	GUI_X_Unlock
        00000000 00000014   23		nop
                            24	.L24:
                            25	 #	    .ef
        03e00008 00000018   26		jr	$ra
        00000000 0000001c   27		nop
                            28		.type	GUI_Unlock,@function
                            29		.size	GUI_Unlock,.-GUI_Unlock
                            30		.align	4
                            31	
                            32		.data
                            33	.L42:
                            34		.section ".sdata","aw"
                            35	.L43:
        ffffffff 00000000   36	_CurrentTaskNo:	.byte	255,255,255,255
                            37		.type	_CurrentTaskNo,@object
                            38		.size	_CurrentTaskNo,4
                            39	.L44:
        00000000 00000004   40	_TaskIDLock:	.byte	0,0,0,0
                            41		.type	_TaskIDLock,@object
                            42		.size	_TaskIDLock,4
                            43		.data
                            44		.bss	_Save,384,4
                            45	
                            46		.text
                            47		.align	4
                            48		.align	4
                            49		.globl	GUI_Lock
                            50	GUI_Lock:
        8f990000 00000020   51		lw	$25, %sdaoff(GUITASK__EntranceCnt)($28)
                            52	 #	    .bf
        27bdfff0 00000024   53		addiu	$sp, $sp, -16
        afb00000 00000028   54		sw	$16, 0($sp)
        1720000d 0000002c   55		bne	$25, $0, .L56
        afbf000c 00000030   56		sw	$ra, 12($sp)
        0c000000 00000034   57		jal	GUI_X_Lock

                                   Tue Apr 07 08:56:35 2015           Page 3
                                   Tue Apr 07 08:56:35 2015       gh_2i08n.s
        00000000 00000038   58		nop
        0c000000 0000003c   59		jal	GUI_X_GetTaskId
        00000000 00000040   60		nop
        8f8f0000 00000044   61		lw	$15, %sdaoff(GUITASK__EntranceCnt)($28)
        340e0001 00000048   62		ori	$14, $0, 1
        af820000 0000004c   63		sw	$2, %sdaoff(.L44)($28)
        25ef0001 00000050   64		addiu	$15, $15, 1
        15ee008b 00000054   65		bne	$15, $14, .L54
        af8f0000 00000058   66		sw	$15, %sdaoff(GUITASK__EntranceCnt)($28)
        08000000 0000005c   67		j	.L1000115
        3c100000 00000060   68		lui	$16, %hi(_Save)
                            69	.L56:
        0c000000 00000064   70		jal	GUI_X_GetTaskId
        00000000 00000068   71		nop
        8f830000 0000006c   72		lw	$3, %sdaoff(.L44)($28)
        50620007 00000070   73		beql	$3, $2, .L1000058
        8f8f0000 00000074   74		lw	$15, %sdaoff(GUITASK__EntranceCnt)($28)
        0c000000 00000078   75		jal	GUI_X_Lock
        00000000 0000007c   76		nop
        0c000000 00000080   77		jal	GUI_X_GetTaskId
        00000000 00000084   78		nop
        af820000 00000088   79		sw	$2, %sdaoff(.L44)($28)
        8f8f0000 0000008c   80		lw	$15, %sdaoff(GUITASK__EntranceCnt)($28)
                            81	.L1000058:
        340e0001 00000090   82		ori	$14, $0, 1
        25ef0001 00000094   83		addiu	$15, $15, 1
        15ee007a 00000098   84		bne	$15, $14, .L54
        af8f0000 0000009c   85		sw	$15, %sdaoff(GUITASK__EntranceCnt)($28)
        3c100000 000000a0   86		lui	$16, %hi(_Save)
                            87	.L1000115:
        0c000000 000000a4   88		jal	GUI_X_GetTaskId
        26100000 000000a8   89		addiu	$16, $16, %lo(_Save)
        00401825 000000ac   90		move	$3, $2
        0200c825 000000b0   91		move	$25, $16
        8f220000 000000b4   92		lw	$2, 0($25)
        14430007 000000b8   93		bne	$2, $3, .L117
        00000000 000000bc   94		nop
        8f820000 000000c0   95		lw	$2, %sdaoff(.L43)($28)
        34030000 000000c4   96		ori	$3, $0, 0
        5062006f 000000c8   97		beql	$3, $2, .L1000054
        8fb00000 000000cc   98		lw	$16, 0($sp)
        08000000 000000d0   99		j	.L74
        00000000 000000d4  100		nop
                           101	.L117:
        14400008 000000d8  102		bne	$2, $0, .L120
        00000000 000000dc  103		nop
        8f820000 000000e0  104		lw	$2, %sdaoff(.L43)($28)
        af230000 000000e4  105		sw	$3, 0($25)
        34030000 000000e8  106		ori	$3, $0, 0
        50620066 000000ec  107		beql	$3, $2, .L1000054
        8fb00000 000000f0  108		lw	$16, 0($sp)
        08000000 000000f4  109		j	.L74
        00000000 000000f8  110		nop
                           111	.L120:
        0c000000 000000fc  112		jal	GUI_X_GetTaskId
        00000000 00000100  113		nop

                                   Tue Apr 07 08:56:35 2015           Page 4
                                   Tue Apr 07 08:56:35 2015       gh_2i08n.s
        00401825 00000104  114		move	$3, $2
        8e020060 00000108  115		lw	$2, 96($16)
        26190060 0000010c  116		addiu	$25, $16, 96
        14430007 00000110  117		bne	$2, $3, .L122
        00000000 00000114  118		nop
        8f820000 00000118  119		lw	$2, %sdaoff(.L43)($28)
        34030001 0000011c  120		ori	$3, $0, 1
        50620059 00000120  121		beql	$3, $2, .L1000054
        8fb00000 00000124  122		lw	$16, 0($sp)
        08000000 00000128  123		j	.L74
        00000000 0000012c  124		nop
                           125	.L122:
        14400008 00000130  126		bne	$2, $0, .L125
        00000000 00000134  127		nop
        8f820000 00000138  128		lw	$2, %sdaoff(.L43)($28)
        af230000 0000013c  129		sw	$3, 0($25)
        34030001 00000140  130		ori	$3, $0, 1
        50620050 00000144  131		beql	$3, $2, .L1000054
        8fb00000 00000148  132		lw	$16, 0($sp)
        08000000 0000014c  133		j	.L74
        00000000 00000150  134		nop
                           135	.L125:
        0c000000 00000154  136		jal	GUI_X_GetTaskId
        00000000 00000158  137		nop
        00401825 0000015c  138		move	$3, $2
        8e0200c0 00000160  139		lw	$2, 192($16)
        261900c0 00000164  140		addiu	$25, $16, 192
        14430007 00000168  141		bne	$2, $3, .L127
        00000000 0000016c  142		nop
        8f820000 00000170  143		lw	$2, %sdaoff(.L43)($28)
        34030002 00000174  144		ori	$3, $0, 2
        50620043 00000178  145		beql	$3, $2, .L1000054
        8fb00000 0000017c  146		lw	$16, 0($sp)
        08000000 00000180  147		j	.L74
        00000000 00000184  148		nop
                           149	.L127:
        14400008 00000188  150		bne	$2, $0, .L130
        00000000 0000018c  151		nop
        8f820000 00000190  152		lw	$2, %sdaoff(.L43)($28)
        af230000 00000194  153		sw	$3, 0($25)
        34030002 00000198  154		ori	$3, $0, 2
        5062003a 0000019c  155		beql	$3, $2, .L1000054
        8fb00000 000001a0  156		lw	$16, 0($sp)
        08000000 000001a4  157		j	.L74
        00000000 000001a8  158		nop
                           159	.L130:
        0c000000 000001ac  160		jal	GUI_X_GetTaskId
        00000000 000001b0  161		nop
        00401825 000001b4  162		move	$3, $2
        8e020120 000001b8  163		lw	$2, 288($16)
        26190120 000001bc  164		addiu	$25, $16, 288
        14430007 000001c0  165		bne	$2, $3, .L132
        00000000 000001c4  166		nop
        8f820000 000001c8  167		lw	$2, %sdaoff(.L43)($28)
        34030003 000001cc  168		ori	$3, $0, 3
        5062002d 000001d0  169		beql	$3, $2, .L1000054

                                   Tue Apr 07 08:56:35 2015           Page 5
                                   Tue Apr 07 08:56:35 2015       gh_2i08n.s
        8fb00000 000001d4  170		lw	$16, 0($sp)
        08000000 000001d8  171		j	.L74
        00000000 000001dc  172		nop
                           173	.L132:
        14400007 000001e0  174		bne	$2, $0, .L1000071
        8f820000 000001e4  175		lw	$2, %sdaoff(.L43)($28)
        af230000 000001e8  176		sw	$3, 0($25)
        34030003 000001ec  177		ori	$3, $0, 3
        50620025 000001f0  178		beql	$3, $2, .L1000054
        8fb00000 000001f4  179		lw	$16, 0($sp)
        08000000 000001f8  180		j	.L74
        00000000 000001fc  181		nop
                           182	.L1000071:
        34030000 00000200  183		ori	$3, $0, 0
        50620020 00000204  184		beql	$3, $2, .L1000054
        8fb00000 00000208  185		lw	$16, 0($sp)
                           186	.L74:
        0440001c 0000020c  187		bltz	$2, .L75
        0002c880 00000210  188		sll	$25, $2, 2
        03226823 00000214  189		subu	$13, $25, $2
        000d6940 00000218  190		sll	$13, $13, 5
        020dc021 0000021c  191		addu	$24, $16, $13
        270f0004 00000220  192		addiu	$15, $24, 4
        01e0c825 00000224  193		move	$25, $15
        3c0d0000 00000228  194		lui	$13, %hi(GUI_Context)
        25ad0000 0000022c  195		addiu	$13, $13, %lo(GUI_Context)
        25b8005c 00000230  196		addiu	$24, $13, 92
                           197	.L202:
        27390004 00000234  198		addiu	$25, $25, 4
        8da20000 00000238  199		lw	$2, 0($13)
        25ad0004 0000023c  200		addiu	$13, $13, 4
        170dfffc 00000240  201		bne	$24, $13, .L202
        af22fffc 00000244  202		sw	$2, -4($25)
        00037080 00000248  203		sll	$14, $3, 2
        01c37823 0000024c  204		subu	$15, $14, $3
        3c0e0000 00000250  205		lui	$14, %hi(GUI_Context)
        25ce0000 00000254  206		addiu	$14, $14, %lo(GUI_Context)
        000f7940 00000258  207		sll	$15, $15, 5
        020f6821 0000025c  208		addu	$13, $16, $15
        25b90004 00000260  209		addiu	$25, $13, 4
        03207825 00000264  210		move	$15, $25
        25ed005c 00000268  211		addiu	$13, $15, 92
                           212	.L203:
        25ce0004 0000026c  213		addiu	$14, $14, 4
        8de20000 00000270  214		lw	$2, 0($15)
        25ef0004 00000274  215		addiu	$15, $15, 4
        15affffc 00000278  216		bne	$13, $15, .L203
        adc2fffc 0000027c  217		sw	$2, -4($14)
                           218	.L75:
        af830000 00000280  219		sw	$3, %sdaoff(.L43)($28)
                           220	.L54:
        8fb00000 00000284  221		lw	$16, 0($sp)
                           222	.L1000054:
                           223	 #	    .ef
        8fbf000c 00000288  224		lw	$ra, 12($sp)
        03e00008 0000028c  225		jr	$ra

                                   Tue Apr 07 08:56:35 2015           Page 6
                                   Tue Apr 07 08:56:35 2015       gh_2i08n.s
        27bd0010 00000290  226		addiu	$sp, $sp, 16
                           227		.type	GUI_Lock,@function
                           228		.size	GUI_Lock,.-GUI_Lock
                           229		.align	4
                           230	 #TaskNo	$3	local
                           231	 #TaskId	$3	local
                           232	
                           233		.data
                           234	.L201:
                           235		.text
                           236		.align	4
                           237		.align	4
                           238		.globl	GUITASK_Init
                           239	GUITASK_Init:
        2419ffff 00000294  240		addiu	$25, $0, -1
                           241	 #	    .bf
        08000000 00000298  242		j	GUI_X_InitOS
        af990000 0000029c  243		sw	$25, %sdaoff(.L43)($28)
                           244	 #	    .ef
                           245		.type	GUITASK_Init,@function
                           246		.size	GUITASK_Init,.-GUITASK_Init
                           247		.align	4
                           248	
                           249		.data
                           250	.L276:
                           251		.text
                           252		.align	4
                           253		.align	4
                           254		.globl	GUITASK_CopyContext
                           255	GUITASK_CopyContext:
        3c030000 000002a0  256		lui	$3, %hi(_Save)
                           257	 #	    .bf
        24630000 000002a4  258		addiu	$3, $3, %lo(_Save)
        0060c825 000002a8  259		move	$25, $3
        272f0004 000002ac  260		addiu	$15, $25, 4
        3c020000 000002b0  261		lui	$2, %hi(GUI_Context)
        24420000 000002b4  262		addiu	$2, $2, %lo(GUI_Context)
        0040c025 000002b8  263		move	$24, $2
        270e005c 000002bc  264		addiu	$14, $24, 92
                           265	.L316:
        25ef0004 000002c0  266		addiu	$15, $15, 4
        8f0d0000 000002c4  267		lw	$13, 0($24)
        27180004 000002c8  268		addiu	$24, $24, 4
        15d8fffc 000002cc  269		bne	$14, $24, .L316
        adedfffc 000002d0  270		sw	$13, -4($15)
        af200000 000002d4  271		sw	$0, 0($25)
        24790060 000002d8  272		addiu	$25, $3, 96
        246f0064 000002dc  273		addiu	$15, $3, 100
        0040c025 000002e0  274		move	$24, $2
        270e005c 000002e4  275		addiu	$14, $24, 92
                           276	.L317:
        25ef0004 000002e8  277		addiu	$15, $15, 4
        8f0d0000 000002ec  278		lw	$13, 0($24)
        27180004 000002f0  279		addiu	$24, $24, 4
        15d8fffc 000002f4  280		bne	$14, $24, .L317
        adedfffc 000002f8  281		sw	$13, -4($15)

                                   Tue Apr 07 08:56:35 2015           Page 7
                                   Tue Apr 07 08:56:35 2015       gh_2i08n.s
        af200000 000002fc  282		sw	$0, 0($25)
        247900c0 00000300  283		addiu	$25, $3, 192
        246f00c4 00000304  284		addiu	$15, $3, 196
        0040c025 00000308  285		move	$24, $2
        270e005c 0000030c  286		addiu	$14, $24, 92
                           287	.L318:
        25ef0004 00000310  288		addiu	$15, $15, 4
        8f0d0000 00000314  289		lw	$13, 0($24)
        27180004 00000318  290		addiu	$24, $24, 4
        15d8fffc 0000031c  291		bne	$14, $24, .L318
        adedfffc 00000320  292		sw	$13, -4($15)
        af200000 00000324  293		sw	$0, 0($25)
        24630120 00000328  294		addiu	$3, $3, 288
        246f0004 0000032c  295		addiu	$15, $3, 4
        0040c025 00000330  296		move	$24, $2
        270e005c 00000334  297		addiu	$14, $24, 92
                           298	.L319:
        8f020000 00000338  299		lw	$2, 0($24)
        27180004 0000033c  300		addiu	$24, $24, 4
        25ef0004 00000340  301		addiu	$15, $15, 4
        15d8fffc 00000344  302		bne	$14, $24, .L319
        ade2fffc 00000348  303		sw	$2, -4($15)
                           304	 #	    .ef
        03e00008 0000034c  305		jr	$ra
        ac600000 00000350  306		sw	$0, 0($3)
                           307		.type	GUITASK_CopyContext,@function
                           308		.size	GUITASK_CopyContext,.-GUITASK_CopyContext
                           309		.align	4
                           310	
                           311		.data
                           312	.L315:
                           313		.text
                           314		.align	4
                           315	 #GUI_Context	GUI_Context	import
                           316	 #_Save	_Save	static
                           317	 #_CurrentTaskNo	%sdaoff(.L43)	static
                           318	 #_TaskIDLock	%sdaoff(.L44)	static
                           319	
                           320		.section ".sdata","aw"
                           321	.L327:
                           322		.globl	GUITASK__EntranceCnt
        00000000 00000008  323	GUITASK__EntranceCnt:	.byte	0,0,0,0
                           324		.type	GUITASK__EntranceCnt,@object
                           325		.size	GUITASK__EntranceCnt,4
                           326		.data
                           327		.section ".bss","awb"
                           328		.align	4
                           329		.section ".sdata","aw"
                           330		.align	4
                           331		.text
