
                                   Tue Apr 07 08:57:15 2015           Page 1
                                   Tue Apr 07 08:57:15 2015       gh_2i09i.s
Command Line:   C:\GHS\V35\mips35\asmips.exe -noundefined -elf -b0
                -IC:\local\Workspace\DC_V04.01.00_int\cu3x1Platform_SRC\emWinColour
                -IC:\local\Workspace\DC_V04.01.00_int\cu3x1Platform_SRC\platform\include
                -IC:\local\Workspace\DC_V04.01.00_int\cu3x1Platform_SRC\platform\common
                -IC:\local\Workspace\DC_V04.01.00_int\cu3x1Platform_SRC\platform\hardware
                -IC:\local\Workspace\DC_V04.01.00_int\cu3x1Platform_SRC\platform\hardware\D3018X
                -IC:\local\Workspace\DC_V04.01.00_int\cu3x1Platform_SRC\embos\inc
                -IC:\local\Workspace\DC_V04.01.00_int\cu3x1Platform_SRC\emWinColour\config
                -IC:\local\Workspace\DC_V04.01.00_int\cu3x1Platform_SRC\emWinColour\gui\ConvertMono
                -IC:\local\Workspace\DC_V04.01.00_int\cu3x1Platform_SRC\emWinColour\gui\Core
                -IC:\local\Workspace\DC_V04.01.00_int\cu3x1Platform_SRC\emWinColour\gui\Font
                -IC:\local\Workspace\DC_V04.01.00_int\cu3x1Platform_SRC\emWinColour\gui\LCDDriver
                -IC:\local\Workspace\DC_V04.01.00_int\cu3x1Platform_SRC\emWinColour\gui\MemDev
                -IC:\local\Workspace\DC_V04.01.00_int\cu3x1Platform_SRC\emWinColour\gui\VNC
                -IC:\local\Workspace\DC_V04.01.00_int\cu3x1Platform_SRC\emWinColour\gui\Widget
                -IC:\local\Workspace\DC_V04.01.00_int\cu3x1Platform_SRC\emWinColour\gui\wm
                -IC:\local\Workspace\DC_V04.01.00_int\cu3x1App_SRC\Control\source
                -IC:\local\Workspace\DC_V04.01.00_int\cu3x1App_SRC\Control\source\include
                -IC:\local\Workspace\DC_V04.01.00_int\cu3x1App_SRC\Control\source\util
                -IC:\local\Workspace\DC_V04.01.00_int\cu3x1App_SRC\Control\source\datapoint
                -IC:\local\Workspace\DC_V04.01.00_int\cu3x1App_SRC\Control\source\factory
                -IC:\local\Workspace\DC_V04.01.00_int\cu3x1Platform_SRC\embos
                -IC:\local\Workspace\DC_V04.01.00_int\cu3x1Platform_SRC\emWinColour\gui\core
                -IC:\local\Workspace\DC_V04.01.00_int\cu3x1App_SRC\Control\source\rtip\webpage
                -IC:\local\Workspace\DC_V04.01.00_int\cu3x1App_SRC\Control\source\rtip\config
                -IC:\local\Workspace\DC_V04.01.00_int\cu3x1App_SRC\Control\source\rtip\xnet
                -IC:\local\Workspace\DC_V04.01.00_int\cu3x1App_SRC\Control\source\stub
                -IC:\local\Workspace\DC_V04.01.00_int\cu3x1App_SRC\Control\source\test
                -IC:\local\Workspace\DC_V04.01.00_int\cu3x1App_SRC\Control\source\GENIpro
                -IC:\local\Workspace\DC_V04.01.00_int\cu3x1App_SRC\Control\source\GENIpro\GENI_sys
                -IC:\local\Workspace\DC_V04.01.00_int\cu3x1App_SRC\Control\source\GENIpro\GENIusb\emUSB\USB\Driver
                -IC:\local\Workspace\DC_V04.01.00_int\cu3x1App_SRC\Control\source\application\intercom
                -IC:\local\Workspace\DC_V04.01.00_int\cu3x1App_SRC\Control\source\application\controller
                -IC:\local\Workspace\DC_V04.01.00_int\cu3x1App_SRC\Control\source\application\driver
                -IC:\local\Workspace\DC_V04.01.00_int\cu3x1App_SRC\Control\source\application\webif
                -IC:\local\Workspace\DC_V04.01.00_int\cu3x1App_SRC\Control\source\application\relay
                -IC:\local\Workspace\DC_V04.01.00_int\cu3x1App_SRC\Control\source\application\GENIApp
                -IC:\local\Workspace\DC_V04.01.00_int\cu3x1App_SRC\Control\source\application\alarm
                -IC:\local\Workspace\DC_V04.01.00_int\cu3x1App_SRC\Control\source\application\config
                -IC:\local\Workspace\DC_V04.01.00_int\cu3x1App_SRC\Control\source\application\AnaInConfigCtrl
                -IC:\local\Workspace\DC_V04.01.00_int\cu3x1App_SRC\Control\source\application\Sms
                -IC:\local\Workspace\DC_V04.01.00_int\cu3x1App_SRC\Control\source\application\display
                -IC:\local\Workspace\DC_V04.01.00_int\cu3x1App_SRC\Control\source\application\display\display_task
                -IC:\local\Workspace\DC_V04.01.00_int\cu3x1App_SRC\Control\source\application\display\gui_utility
                -IC:\local\Workspace\DC_V04.01.00_int\cu3x1App_SRC\Control\source\application\display\mpcunit
                -IC:\local\Workspace\DC_V04.01.00_int\cu3x1App_SRC\Control\source\GeniPro
                -IC:\local\Workspace\DC_V04.01.00_int\cu3x1App_SRC\Control\source\GeniPro\GENI_sys
                -IC:\local\Workspace\DC_V04.01.00_int\cu3x1App_SRC\Control\source\GeniPro\GENIbus
                -IC:\local\Workspace\DC_V04.01.00_int\cu3x1App_SRC\Control\source\GeniPro\GENIcom
                -IC:\local\Workspace\DC_V04.01.00_int\cu3x1App_SRC\Control\source\GeniPro\GENIrs232
                -IC:\local\Workspace\DC_V04.01.00_int\cu3x1App_SRC\Control\source\GeniPro\Virtual
                -IC:\local\Workspace\DC_V04.01.00_int\cu3x1Platform_SRC\Platform\common
                -IC:\local\Workspace\DC_V04.01.00_int\cu3x1Platform_SRC\Platform\hardware
                -IC:\local\Workspace\DC_V04.01.00_int\cu3x1Platform_SRC\Platform\hardware\D3018X
                -IC:\local\Workspace\DC_V04.01.00_int\cu3x1App_SRC\Control\source\application\display\imagesTFT
                -IC:\GHS\V35\mips35\mipsl_sf -r4121 -source=LCDColor.c -o
                objs\gh_2i09i.o -list=objs\LCDColor.lst
                C:\Users\55602\AppData\Local\Temp\gh_2i09i.s
Source File:    C:\Users\55602\AppData\Local\Temp\gh_2i09i.s
Directory:      C:\local\Workspace\DC_V04.01.00_int\cu3x1App_SRC\Control\source
Host OS:        GHS_WIN32
Version:        AS-MIPS 3.5#11 
Release:        MULTI 2000, MIPS v3.5
Revision Date:  Wed Feb 27 12:19:03 2002
Release Date:   Sat Mar 02 02:57:59 2002
                             1	 #Source File:   C:\local\Workspace\DC_V04.01.00_int\cu3x1Platform_SRC\emWinColour\GUI\Core\LCDColor.c

                                   Tue Apr 07 08:57:15 2015           Page 2
                                   Tue Apr 07 08:57:15 2015       gh_2i09i.s
                             2	 #Directory:     
                             3	 #		C:\local\Workspace\DC_V04.01.00_int\cu3x1App_SRC\Control\source
                             4	 #Compile Date:  Tue Apr 07 08:57:15 2015
                             5	 #Host OS:       Win32
                             6	 #Version:       C-MIPS 3.5#11 RELEASE VERSION
                             7	 #Release:       MULTI 2000, MIPS v3.5
                             8	 #Revision Date: Fri Mar 01 11:32:40 2002
                             9	 #Release Date:  Sat Mar 02 02:58:48 2002
                            10		.set	noat
                            11		.set	noreorder
                            12		.set	nomacro
                            13		.text
                            14		.align	4
                            15		.globl	LCD_GetpPalConvTableUncached
                            16	LCD_GetpPalConvTableUncached:
        27bdffd8 00000000   17		addiu	$sp, $sp, -40
                            18	 #	    .bf
        afb00000 00000004   19		sw	$16, 0($sp)
        afb60018 00000008   20		sw	$22, 24($sp)
        afb50014 0000000c   21		sw	$21, 20($sp)
        afb40010 00000010   22		sw	$20, 16($sp)
        afb3000c 00000014   23		sw	$19, 12($sp)
        afb20008 00000018   24		sw	$18, 8($sp)
        afb10004 0000001c   25		sw	$17, 4($sp)
        14800004 00000020   26		bne	$4, $0, .L11
        afbf0024 00000024   27		sw	$ra, 36($sp)
        27bd0028 00000028   28		addiu	$sp, $sp, 40
        03e00008 0000002c   29		jr	$ra
        34020000 00000030   30		ori	$2, $0, 0
                            31	.L11:
        8c820008 00000034   32		lw	$2, 8($4)
        5440000c 00000038   33		bnel	$2, $0, .L1000014
        8c830000 0000003c   34		lw	$3, 0($4)
        8fb60018 00000040   35		lw	$22, 24($sp)
        8fb50014 00000044   36		lw	$21, 20($sp)
        8fbf0024 00000048   37		lw	$ra, 36($sp)
        8fb00000 0000004c   38		lw	$16, 0($sp)
        8fb10004 00000050   39		lw	$17, 4($sp)
        8fb20008 00000054   40		lw	$18, 8($sp)
        8fb3000c 00000058   41		lw	$19, 12($sp)
        8fb40010 0000005c   42		lw	$20, 16($sp)
        27bd0028 00000060   43		addiu	$sp, $sp, 40
        03e00008 00000064   44		jr	$ra
        34020000 00000068   45		ori	$2, $0, 0
                            46	.L1000014:
        286f0101 0000006c   47		slti	$15, $3, 257
        55e0000c 00000070   48		bnel	$15, $0, .L1000017
        34140000 00000074   49		ori	$20, $0, 0
        8fb60018 00000078   50		lw	$22, 24($sp)
        8fb50014 0000007c   51		lw	$21, 20($sp)
        8fbf0024 00000080   52		lw	$ra, 36($sp)
        8fb00000 00000084   53		lw	$16, 0($sp)
        8fb10004 00000088   54		lw	$17, 4($sp)
        8fb20008 0000008c   55		lw	$18, 8($sp)
        8fb3000c 00000090   56		lw	$19, 12($sp)
        8fb40010 00000094   57		lw	$20, 16($sp)

                                   Tue Apr 07 08:57:15 2015           Page 3
                                   Tue Apr 07 08:57:15 2015       gh_2i09i.s
        27bd0028 00000098   58		addiu	$sp, $sp, 40
        03e00008 0000009c   59		jr	$ra
        34020000 000000a0   60		ori	$2, $0, 0
                            61	.L1000017:
        3c150000 000000a4   62		lui	$21, %hi(LCD__aConvTable)
        0040b025 000000a8   63		move	$22, $2
        34130000 000000ac   64		ori	$19, $0, 0
        0263702a 000000b0   65		slt	$14, $19, $3
        11c00002 000000b4   66		beq	$14, $0, .L140
        26b50000 000000b8   67		addiu	$21, $21, %lo(LCD__aConvTable)
        00609825 000000bc   68		move	$19, $3
                            69	.L140:
        001390c2 000000c0   70		srl	$18, $19, 3
        1240001f 000000c4   71		beq	$18, $0, .L50
        02a08025 000000c8   72		move	$16, $21
        02c08825 000000cc   73		move	$17, $22
        0012a0c0 000000d0   74		sll	$20, $18, 3
                            75	.L66:
        0c000000 000000d4   76		jal	LCD_Color2Index
        8e240000 000000d8   77		lw	$4, 0($17)
        a6020000 000000dc   78		sh	$2, 0($16)
        0c000000 000000e0   79		jal	LCD_Color2Index
        8e240004 000000e4   80		lw	$4, 4($17)
        a6020002 000000e8   81		sh	$2, 2($16)
        0c000000 000000ec   82		jal	LCD_Color2Index
        8e240008 000000f0   83		lw	$4, 8($17)
        a6020004 000000f4   84		sh	$2, 4($16)
        0c000000 000000f8   85		jal	LCD_Color2Index
        8e24000c 000000fc   86		lw	$4, 12($17)
        a6020006 00000100   87		sh	$2, 6($16)
        0c000000 00000104   88		jal	LCD_Color2Index
        8e240010 00000108   89		lw	$4, 16($17)
        a6020008 0000010c   90		sh	$2, 8($16)
        0c000000 00000110   91		jal	LCD_Color2Index
        8e240014 00000114   92		lw	$4, 20($17)
        a602000a 00000118   93		sh	$2, 10($16)
        0c000000 0000011c   94		jal	LCD_Color2Index
        8e240018 00000120   95		lw	$4, 24($17)
        a602000c 00000124   96		sh	$2, 12($16)
        0c000000 00000128   97		jal	LCD_Color2Index
        8e24001c 0000012c   98		lw	$4, 28($17)
        26310020 00000130   99		addiu	$17, $17, 32
        26100010 00000134  100		addiu	$16, $16, 16
        2652ffff 00000138  101		addiu	$18, $18, -1
        1640ffe5 0000013c  102		bne	$18, $0, .L66
        a602fffe 00000140  103		sh	$2, -2($16)
                           104	.L50:
        32720007 00000144  105		andi	$18, $19, 7
        1240000b 00000148  106		beq	$18, $0, .L20
        00141840 0000014c  107		sll	$3, $20, 1
        02a38021 00000150  108		addu	$16, $21, $3
        00141880 00000154  109		sll	$3, $20, 2
        02c38821 00000158  110		addu	$17, $22, $3
                           111	.L70:
        0c000000 0000015c  112		jal	LCD_Color2Index
        8e240000 00000160  113		lw	$4, 0($17)

                                   Tue Apr 07 08:57:15 2015           Page 4
                                   Tue Apr 07 08:57:15 2015       gh_2i09i.s
        26310004 00000164  114		addiu	$17, $17, 4
        26100002 00000168  115		addiu	$16, $16, 2
        2652ffff 0000016c  116		addiu	$18, $18, -1
        1640fffa 00000170  117		bne	$18, $0, .L70
        a602fffe 00000174  118		sh	$2, -2($16)
                           119	.L20:
        8fb60018 00000178  120		lw	$22, 24($sp)
                           121	 #	    .ef
        02a01025 0000017c  122		move	$2, $21
        8fb50014 00000180  123		lw	$21, 20($sp)
        8fbf0024 00000184  124		lw	$ra, 36($sp)
        8fb00000 00000188  125		lw	$16, 0($sp)
        8fb10004 0000018c  126		lw	$17, 4($sp)
        8fb20008 00000190  127		lw	$18, 8($sp)
        8fb3000c 00000194  128		lw	$19, 12($sp)
        8fb40010 00000198  129		lw	$20, 16($sp)
        03e00008 0000019c  130		jr	$ra
        27bd0028 000001a0  131		addiu	$sp, $sp, 40
                           132		.type	LCD_GetpPalConvTableUncached,@function
                           133		.size	LCD_GetpPalConvTableUncached,.-LCD_GetpPalConvTableUncached
                           134		.align	4
                           135	 #i	$20	local
                           136	 #NumEntries	$3	local
                           137	 #pPalEntry	$22	local
                           138	
                           139	 #pLogPal	$4	param
                           140	
                           141		.data
                           142	.L139:
                           143		.text
                           144		.align	4
                           145		.align	4
                           146		.globl	LCD_GetpPalConvTable
                           147	LCD_GetpPalConvTable:
                           148	 #	    .bf
        08000000 000001a4  149		j	LCD_GetpPalConvTableUncached
        00000000 000001a8  150		nop
                           151	 #	    .ef
                           152		.type	LCD_GetpPalConvTable,@function
                           153		.size	LCD_GetpPalConvTable,.-LCD_GetpPalConvTable
                           154		.align	4
                           155	
                           156	 #pLogPal	none	param
                           157	
                           158		.data
                           159	.L185:
                           160		.text
                           161		.align	4
                           162		.align	4
                           163		.globl	LCD_InitLUT
                           164	LCD_InitLUT:
                           165	 #	    .bf
                           166	 #	    .ef
        03e00008 000001ac  167		jr	$ra
        00000000 000001b0  168		nop
                           169		.type	LCD_InitLUT,@function

                                   Tue Apr 07 08:57:15 2015           Page 5
                                   Tue Apr 07 08:57:15 2015       gh_2i09i.s
                           170		.size	LCD_InitLUT,.-LCD_InitLUT
                           171		.align	4
                           172	
                           173		.data
                           174	.L201:
                           175		.text
                           176		.align	4
                           177	
                           178		.data
                           179		.comm	LCD__aConvTable,512,4
                           180		.type	LCD__aConvTable,@object
                           181		.size	LCD__aConvTable,512
                           182		.text
