
                                   Tue Apr 07 08:50:27 2015           Page 1
                                   Tue Apr 07 08:50:27 2015        gh_2i0n.s
Command Line:   C:\GHS\V35\mips35\asmips.exe -noundefined -elf -b0
                -IC:\local\Workspace\DC_V04.01.00_int\cu3x1Platform_SRC\emWinColour
                -IC:\local\Workspace\DC_V04.01.00_int\cu3x1App_SRC\MPC_control\source\include
                -IC:\local\Workspace\DC_V04.01.00_int\cu3x1Platform_SRC\platform\common
                -IC:\local\Workspace\DC_V04.01.00_int\cu3x1Platform_SRC\platform\hardware
                -IC:\local\Workspace\DC_V04.01.00_int\cu3x1Platform_SRC\platform\hardware\D3018X
                -IC:\local\Workspace\DC_V04.01.00_int\cu3x1Platform_SRC\embos\inc
                -IC:\local\Workspace\DC_V04.01.00_int\cu3x1Platform_SRC\emWinColour\config
                -IC:\local\Workspace\DC_V04.01.00_int\cu3x1Platform_SRC\emWinColour\gui\ConvertMono
                -IC:\local\Workspace\DC_V04.01.00_int\cu3x1Platform_SRC\emWinColour\gui\Core
                -IC:\local\Workspace\DC_V04.01.00_int\cu3x1Platform_SRC\emWinColour\gui\Font
                -IC:\local\Workspace\DC_V04.01.00_int\cu3x1Platform_SRC\emWinColour\gui\LCDDriver
                -IC:\local\Workspace\DC_V04.01.00_int\cu3x1Platform_SRC\emWinColour\gui\MemDev
                -IC:\local\Workspace\DC_V04.01.00_int\cu3x1Platform_SRC\emWinColour\gui\VNC
                -IC:\local\Workspace\DC_V04.01.00_int\cu3x1Platform_SRC\emWinColour\gui\Widget
                -IC:\local\Workspace\DC_V04.01.00_int\cu3x1Platform_SRC\emWinColour\gui\wm
                -IC:\local\Workspace\DC_V04.01.00_int\cu3x1App_SRC\Control\source
                -IC:\local\Workspace\DC_V04.01.00_int\cu3x1App_SRC\Control\source\include
                -IC:\local\Workspace\DC_V04.01.00_int\cu3x1App_SRC\Control\source\util
                -IC:\local\Workspace\DC_V04.01.00_int\cu3x1App_SRC\Control\source\datapoint
                -IC:\local\Workspace\DC_V04.01.00_int\cu3x1App_SRC\Control\source\factory
                -IC:\local\Workspace\DC_V04.01.00_int\cu3x1Platform_SRC\platform\include
                -IC:\local\Workspace\DC_V04.01.00_int\cu3x1Platform_SRC\embos
                -IC:\local\Workspace\DC_V04.01.00_int\cu3x1Platform_SRC\emWinColour\gui\core
                -IC:\local\Workspace\DC_V04.01.00_int\cu3x1App_SRC\Control\source\rtip\webpage
                -IC:\local\Workspace\DC_V04.01.00_int\cu3x1App_SRC\Control\source\rtip\config
                -IC:\local\Workspace\DC_V04.01.00_int\cu3x1App_SRC\Control\source\rtip\xnet
                -IC:\local\Workspace\DC_V04.01.00_int\cu3x1App_SRC\Control\source\stub
                -IC:\local\Workspace\DC_V04.01.00_int\cu3x1App_SRC\Control\source\test
                -IC:\local\Workspace\DC_V04.01.00_int\cu3x1App_SRC\Control\source\GENIpro
                -IC:\local\Workspace\DC_V04.01.00_int\cu3x1App_SRC\Control\source\GENIpro\GENI_sys
                -IC:\local\Workspace\DC_V04.01.00_int\cu3x1App_SRC\Control\source\GENIpro\GENIusb\emUSB\USB\Driver
                -IC:\local\Workspace\DC_V04.01.00_int\cu3x1App_SRC\Control\source\application\intercom
                -IC:\local\Workspace\DC_V04.01.00_int\cu3x1App_SRC\Control\source\application\controller
                -IC:\local\Workspace\DC_V04.01.00_int\cu3x1App_SRC\Control\source\application\driver
                -IC:\local\Workspace\DC_V04.01.00_int\cu3x1App_SRC\Control\source\application\webif
                -IC:\local\Workspace\DC_V04.01.00_int\cu3x1App_SRC\Control\source\application\relay
                -IC:\local\Workspace\DC_V04.01.00_int\cu3x1App_SRC\Control\source\application\GENIApp
                -IC:\local\Workspace\DC_V04.01.00_int\cu3x1App_SRC\Control\source\application\alarm
                -IC:\local\Workspace\DC_V04.01.00_int\cu3x1App_SRC\Control\source\application\config
                -IC:\local\Workspace\DC_V04.01.00_int\cu3x1App_SRC\Control\source\application\AnaInConfigCtrl
                -IC:\local\Workspace\DC_V04.01.00_int\cu3x1App_SRC\Control\source\application\Sms
                -IC:\local\Workspace\DC_V04.01.00_int\cu3x1App_SRC\Control\source\application\display
                -IC:\local\Workspace\DC_V04.01.00_int\cu3x1App_SRC\Control\source\application\display\display_task
                -IC:\local\Workspace\DC_V04.01.00_int\cu3x1App_SRC\Control\source\application\display\gui_utility
                -IC:\local\Workspace\DC_V04.01.00_int\cu3x1App_SRC\Control\source\application\display\mpcunit
                -IC:\local\Workspace\DC_V04.01.00_int\cu3x1App_SRC\Control\source\GeniPro
                -IC:\local\Workspace\DC_V04.01.00_int\cu3x1App_SRC\Control\source\GeniPro\GENI_sys
                -IC:\local\Workspace\DC_V04.01.00_int\cu3x1App_SRC\Control\source\GeniPro\GENIbus
                -IC:\local\Workspace\DC_V04.01.00_int\cu3x1App_SRC\Control\source\GeniPro\GENIcom
                -IC:\local\Workspace\DC_V04.01.00_int\cu3x1App_SRC\Control\source\GeniPro\GENIrs232
                -IC:\local\Workspace\DC_V04.01.00_int\cu3x1App_SRC\Control\source\GeniPro\Virtual
                -IC:\local\Workspace\DC_V04.01.00_int\cu3x1Platform_SRC\Platform\common
                -IC:\local\Workspace\DC_V04.01.00_int\cu3x1Platform_SRC\Platform\hardware
                -IC:\local\Workspace\DC_V04.01.00_int\cu3x1Platform_SRC\Platform\hardware\D3018X
                -IC:\local\Workspace\DC_V04.01.00_int\cu3x1App_SRC\Control\source\application\display\imagesTFT
                -IC:\GHS\V35\mips35\mipsl_sf -r4121 -source=WM_EnableWindow.c -o
                objs\gh_2i0n.o -list=objs\WM_EnableWindow.lst
                C:\Users\55602\AppData\Local\Temp\gh_2i0n.s
Source File:    C:\Users\55602\AppData\Local\Temp\gh_2i0n.s
Directory:      C:\local\Workspace\DC_V04.01.00_int\cu3x1App_SRC\Control\source
Host OS:        GHS_WIN32
Version:        AS-MIPS 3.5#11 
Release:        MULTI 2000, MIPS v3.5
Revision Date:  Wed Feb 27 12:19:03 2002
Release Date:   Sat Mar 02 02:57:59 2002
                             1	 #Source File:   C:\local\Workspace\DC_V04.01.00_int\cu3x1Platform_SRC\emWinColour\GUI\WM\WM_EnableWindow.c

                                   Tue Apr 07 08:50:27 2015           Page 2
                                   Tue Apr 07 08:50:27 2015        gh_2i0n.s
                             2	 #Directory:     
                             3	 #		C:\local\Workspace\DC_V04.01.00_int\cu3x1App_SRC\Control\source
                             4	 #Compile Date:  Tue Apr 07 08:50:27 2015
                             5	 #Host OS:       Win32
                             6	 #Version:       C-MIPS 3.5#11 RELEASE VERSION
                             7	 #Release:       MULTI 2000, MIPS v3.5
                             8	 #Revision Date: Fri Mar 01 11:32:40 2002
                             9	 #Release Date:  Sat Mar 02 02:58:48 2002
                            10		.set	noat
                            11		.set	noreorder
                            12		.set	nomacro
                            13		.text
                            14		.align	4
                            15		.globl	WM_SetEnableState
                            16	WM_SetEnableState:
        27bdffe0 00000000   17		addiu	$sp, $sp, -32
        afb10004 00000004   18		sw	$17, 4($sp)
                            19	 #	    .bf
        00a08825 00000008   20		move	$17, $5
        afb00000 0000000c   21		sw	$16, 0($sp)
        00048400 00000010   22		sll	$16, $4, 16
        00108403 00000014   23		sra	$16, $16, 16
        1200001a 00000018   24		beq	$16, $0, .L2
        afbf001c 0000001c   25		sw	$ra, 28($sp)
        0c000000 00000020   26		jal	GUI_Lock
        00000000 00000024   27		nop
        0c000000 00000028   28		jal	GUI_ALLOC_h2p
        02002025 0000002c   29		move	$4, $16
        9459001c 00000030   30		lhu	$25, 28($2)
        12200006 00000034   31		beq	$17, $0, .L6
        03201825 00000038   32		move	$3, $25
        3063ffef 0000003c   33		andi	$3, $3, 65519
        1323000e 00000040   34		beq	$25, $3, .L9
        00000000 00000044   35		nop
        08000000 00000048   36		j	.L1000010
        27a5000c 0000004c   37		addiu	$5, $sp, 12
                            38	.L6:
        3063ffef 00000050   39		andi	$3, $3, 65519
        34630010 00000054   40		ori	$3, $3, 16
        13230008 00000058   41		beq	$25, $3, .L9
        00000000 0000005c   42		nop
        27a5000c 00000060   43		addiu	$5, $sp, 12
                            44	.L1000010:
        a443001c 00000064   45		sh	$3, 28($2)
        340e0028 00000068   46		ori	$14, $0, 40
        afae000c 0000006c   47		sw	$14, 12($sp)
        afb10014 00000070   48		sw	$17, 20($sp)
        0c000000 00000074   49		jal	WM__SendMessage
        02002025 00000078   50		move	$4, $16
                            51	.L9:
        0c000000 0000007c   52		jal	GUI_Unlock
        00000000 00000080   53		nop
                            54	.L2:
        8fb10004 00000084   55		lw	$17, 4($sp)
                            56	 #	    .ef
        8fb00000 00000088   57		lw	$16, 0($sp)

                                   Tue Apr 07 08:50:27 2015           Page 3
                                   Tue Apr 07 08:50:27 2015        gh_2i0n.s
        8fbf001c 0000008c   58		lw	$ra, 28($sp)
        03e00008 00000090   59		jr	$ra
        27bd0020 00000094   60		addiu	$sp, $sp, 32
                            61		.type	WM_SetEnableState,@function
                            62		.size	WM_SetEnableState,.-WM_SetEnableState
                            63		.align	4
                            64	 #pWin	$2	local
                            65	 #Status	$3	local
                            66	 #Msg	12($sp)	local
                            67	
                            68	 #hWin	$16	param
                            69	 #State	$17	param
                            70	
                            71		.data
                            72	.L40:
                            73		.text
                            74		.align	4
                            75		.align	4
                            76		.globl	WM_EnableWindow
                            77	WM_EnableWindow:
        34050001 00000098   78		ori	$5, $0, 1
                            79	 #	    .bf
        00042400 0000009c   80		sll	$4, $4, 16
        08000000 000000a0   81		j	WM_SetEnableState
        00042403 000000a4   82		sra	$4, $4, 16
                            83	 #	    .ef
                            84		.type	WM_EnableWindow,@function
                            85		.size	WM_EnableWindow,.-WM_EnableWindow
                            86		.align	4
                            87	
                            88	 #hWin	$4	param
                            89	
                            90		.data
                            91	.L72:
                            92		.text
                            93		.align	4
                            94		.align	4
                            95		.globl	WM_DisableWindow
                            96	WM_DisableWindow:
        34050000 000000a8   97		ori	$5, $0, 0
                            98	 #	    .bf
        00042400 000000ac   99		sll	$4, $4, 16
        08000000 000000b0  100		j	WM_SetEnableState
        00042403 000000b4  101		sra	$4, $4, 16
                           102	 #	    .ef
                           103		.type	WM_DisableWindow,@function
                           104		.size	WM_DisableWindow,.-WM_DisableWindow
                           105		.align	4
                           106	
                           107	 #hWin	$4	param
                           108	
                           109		.data
                           110	.L91:
                           111		.text
                           112		.align	4
                           113	

                                   Tue Apr 07 08:50:27 2015           Page 4
                                   Tue Apr 07 08:50:27 2015        gh_2i0n.s
                           114		.data
                           115		.text
