
                                   Tue Apr 07 08:50:40 2015           Page 1
                                   Tue Apr 07 08:50:40 2015       gh_2i010.s
Command Line:   C:\GHS\V35\mips35\asmips.exe -noundefined -elf -b0
                -IC:\local\Workspace\DC_V04.01.00_int\cu3x1Platform_SRC\emWinColour
                -IC:\local\Workspace\DC_V04.01.00_int\cu3x1App_SRC\MPC_control\source\include
                -IC:\local\Workspace\DC_V04.01.00_int\cu3x1Platform_SRC\platform\common
                -IC:\local\Workspace\DC_V04.01.00_int\cu3x1Platform_SRC\platform\hardware
                -IC:\local\Workspace\DC_V04.01.00_int\cu3x1Platform_SRC\platform\hardware\D3018X
                -IC:\local\Workspace\DC_V04.01.00_int\cu3x1Platform_SRC\embos\inc
                -IC:\local\Workspace\DC_V04.01.00_int\cu3x1Platform_SRC\emWinColour\config
                -IC:\local\Workspace\DC_V04.01.00_int\cu3x1Platform_SRC\emWinColour\gui\ConvertMono
                -IC:\local\Workspace\DC_V04.01.00_int\cu3x1Platform_SRC\emWinColour\gui\Core
                -IC:\local\Workspace\DC_V04.01.00_int\cu3x1Platform_SRC\emWinColour\gui\Font
                -IC:\local\Workspace\DC_V04.01.00_int\cu3x1Platform_SRC\emWinColour\gui\LCDDriver
                -IC:\local\Workspace\DC_V04.01.00_int\cu3x1Platform_SRC\emWinColour\gui\MemDev
                -IC:\local\Workspace\DC_V04.01.00_int\cu3x1Platform_SRC\emWinColour\gui\VNC
                -IC:\local\Workspace\DC_V04.01.00_int\cu3x1Platform_SRC\emWinColour\gui\Widget
                -IC:\local\Workspace\DC_V04.01.00_int\cu3x1Platform_SRC\emWinColour\gui\wm
                -IC:\local\Workspace\DC_V04.01.00_int\cu3x1App_SRC\Control\source
                -IC:\local\Workspace\DC_V04.01.00_int\cu3x1App_SRC\Control\source\include
                -IC:\local\Workspace\DC_V04.01.00_int\cu3x1App_SRC\Control\source\util
                -IC:\local\Workspace\DC_V04.01.00_int\cu3x1App_SRC\Control\source\datapoint
                -IC:\local\Workspace\DC_V04.01.00_int\cu3x1App_SRC\Control\source\factory
                -IC:\local\Workspace\DC_V04.01.00_int\cu3x1Platform_SRC\platform\include
                -IC:\local\Workspace\DC_V04.01.00_int\cu3x1Platform_SRC\embos
                -IC:\local\Workspace\DC_V04.01.00_int\cu3x1Platform_SRC\emWinColour\gui\core
                -IC:\local\Workspace\DC_V04.01.00_int\cu3x1App_SRC\Control\source\rtip\webpage
                -IC:\local\Workspace\DC_V04.01.00_int\cu3x1App_SRC\Control\source\rtip\config
                -IC:\local\Workspace\DC_V04.01.00_int\cu3x1App_SRC\Control\source\rtip\xnet
                -IC:\local\Workspace\DC_V04.01.00_int\cu3x1App_SRC\Control\source\stub
                -IC:\local\Workspace\DC_V04.01.00_int\cu3x1App_SRC\Control\source\test
                -IC:\local\Workspace\DC_V04.01.00_int\cu3x1App_SRC\Control\source\GENIpro
                -IC:\local\Workspace\DC_V04.01.00_int\cu3x1App_SRC\Control\source\GENIpro\GENI_sys
                -IC:\local\Workspace\DC_V04.01.00_int\cu3x1App_SRC\Control\source\GENIpro\GENIusb\emUSB\USB\Driver
                -IC:\local\Workspace\DC_V04.01.00_int\cu3x1App_SRC\Control\source\application\intercom
                -IC:\local\Workspace\DC_V04.01.00_int\cu3x1App_SRC\Control\source\application\controller
                -IC:\local\Workspace\DC_V04.01.00_int\cu3x1App_SRC\Control\source\application\driver
                -IC:\local\Workspace\DC_V04.01.00_int\cu3x1App_SRC\Control\source\application\webif
                -IC:\local\Workspace\DC_V04.01.00_int\cu3x1App_SRC\Control\source\application\relay
                -IC:\local\Workspace\DC_V04.01.00_int\cu3x1App_SRC\Control\source\application\GENIApp
                -IC:\local\Workspace\DC_V04.01.00_int\cu3x1App_SRC\Control\source\application\alarm
                -IC:\local\Workspace\DC_V04.01.00_int\cu3x1App_SRC\Control\source\application\config
                -IC:\local\Workspace\DC_V04.01.00_int\cu3x1App_SRC\Control\source\application\AnaInConfigCtrl
                -IC:\local\Workspace\DC_V04.01.00_int\cu3x1App_SRC\Control\source\application\Sms
                -IC:\local\Workspace\DC_V04.01.00_int\cu3x1App_SRC\Control\source\application\display
                -IC:\local\Workspace\DC_V04.01.00_int\cu3x1App_SRC\Control\source\application\display\display_task
                -IC:\local\Workspace\DC_V04.01.00_int\cu3x1App_SRC\Control\source\application\display\gui_utility
                -IC:\local\Workspace\DC_V04.01.00_int\cu3x1App_SRC\Control\source\application\display\mpcunit
                -IC:\local\Workspace\DC_V04.01.00_int\cu3x1App_SRC\Control\source\GeniPro
                -IC:\local\Workspace\DC_V04.01.00_int\cu3x1App_SRC\Control\source\GeniPro\GENI_sys
                -IC:\local\Workspace\DC_V04.01.00_int\cu3x1App_SRC\Control\source\GeniPro\GENIbus
                -IC:\local\Workspace\DC_V04.01.00_int\cu3x1App_SRC\Control\source\GeniPro\GENIcom
                -IC:\local\Workspace\DC_V04.01.00_int\cu3x1App_SRC\Control\source\GeniPro\GENIrs232
                -IC:\local\Workspace\DC_V04.01.00_int\cu3x1App_SRC\Control\source\GeniPro\Virtual
                -IC:\local\Workspace\DC_V04.01.00_int\cu3x1Platform_SRC\Platform\common
                -IC:\local\Workspace\DC_V04.01.00_int\cu3x1Platform_SRC\Platform\hardware
                -IC:\local\Workspace\DC_V04.01.00_int\cu3x1Platform_SRC\Platform\hardware\D3018X
                -IC:\local\Workspace\DC_V04.01.00_int\cu3x1App_SRC\Control\source\application\display\imagesTFT
                -IC:\GHS\V35\mips35\mipsl_sf -r4121 -source=WM_GetDialogItem.c -o
                objs\gh_2i010.o -list=objs\WM_GetDialogItem.lst
                C:\Users\55602\AppData\Local\Temp\gh_2i010.s
Source File:    C:\Users\55602\AppData\Local\Temp\gh_2i010.s
Directory:      C:\local\Workspace\DC_V04.01.00_int\cu3x1App_SRC\Control\source
Host OS:        GHS_WIN32
Version:        AS-MIPS 3.5#11 
Release:        MULTI 2000, MIPS v3.5
Revision Date:  Wed Feb 27 12:19:03 2002
Release Date:   Sat Mar 02 02:57:59 2002
                             1	 #Source File:   C:\local\Workspace\DC_V04.01.00_int\cu3x1Platform_SRC\emWinColour\GUI\WM\WM_GetDialogItem.c

                                   Tue Apr 07 08:50:40 2015           Page 2
                                   Tue Apr 07 08:50:40 2015       gh_2i010.s
                             2	 #Directory:     
                             3	 #		C:\local\Workspace\DC_V04.01.00_int\cu3x1App_SRC\Control\source
                             4	 #Compile Date:  Tue Apr 07 08:50:40 2015
                             5	 #Host OS:       Win32
                             6	 #Version:       C-MIPS 3.5#11 RELEASE VERSION
                             7	 #Release:       MULTI 2000, MIPS v3.5
                             8	 #Revision Date: Fri Mar 01 11:32:40 2002
                             9	 #Release Date:  Sat Mar 02 02:58:48 2002
                            10		.set	noat
                            11		.set	noreorder
                            12		.set	nomacro
                            13		.text
                            14		.align	4
                            15	_GetDialogItem:
        27bdffe8 00000000   16		addiu	$sp, $sp, -24
        afbf0014 00000004   17		sw	$ra, 20($sp)
        afb20008 00000008   18		sw	$18, 8($sp)
        afb10004 0000000c   19		sw	$17, 4($sp)
        afb00000 00000010   20		sw	$16, 0($sp)
        00042400 00000014   21		sll	$4, $4, 16
        00042403 00000018   22		sra	$4, $4, 16
                            23	 #	    .bf
        0c000000 0000001c   24		jal	GUI_ALLOC_h2p
        00a08025 00000020   25		move	$16, $5
        84510018 00000024   26		lh	$17, 24($2)
        34120000 00000028   27		ori	$18, $0, 0
        52200016 0000002c   28		beql	$17, $0, .L1000012
        02401025 00000030   29		move	$2, $18
                            30	.L6:
        0c000000 00000034   31		jal	WM_GetId
        02202025 00000038   32		move	$4, $17
        14500007 0000003c   33		bne	$2, $16, .L7
        02201025 00000040   34		move	$2, $17
        8fb00000 00000044   35		lw	$16, 0($sp)
        8fbf0014 00000048   36		lw	$ra, 20($sp)
        8fb10004 0000004c   37		lw	$17, 4($sp)
        8fb20008 00000050   38		lw	$18, 8($sp)
        03e00008 00000054   39		jr	$ra
        27bd0018 00000058   40		addiu	$sp, $sp, 24
                            41	.L7:
        02202025 0000005c   42		move	$4, $17
        0c000000 00000060   43		jal	_GetDialogItem
        02002825 00000064   44		move	$5, $16
        00409025 00000068   45		move	$18, $2
        56400006 0000006c   46		bnel	$18, $0, .L1000012
        02401025 00000070   47		move	$2, $18
        0c000000 00000074   48		jal	GUI_ALLOC_h2p
        02202025 00000078   49		move	$4, $17
        8451001a 0000007c   50		lh	$17, 26($2)
        1620ffec 00000080   51		bne	$17, $0, .L6
        02401025 00000084   52		move	$2, $18
                            53	.L1000012:
                            54	 #	    .ef
        8fb20008 00000088   55		lw	$18, 8($sp)
        8fb10004 0000008c   56		lw	$17, 4($sp)
        8fbf0014 00000090   57		lw	$ra, 20($sp)

                                   Tue Apr 07 08:50:40 2015           Page 3
                                   Tue Apr 07 08:50:40 2015       gh_2i010.s
        8fb00000 00000094   58		lw	$16, 0($sp)
        03e00008 00000098   59		jr	$ra
        27bd0018 0000009c   60		addiu	$sp, $sp, 24
                            61		.type	_GetDialogItem,@function
                            62		.size	_GetDialogItem,.-_GetDialogItem
                            63		.align	4
                            64	 #hi	$17	local
                            65	 #r	$18	local
                            66	
                            67	 #hWin	$4	param
                            68	 #Id	$16	param
                            69	
                            70		.data
                            71	.L43:
                            72		.text
                            73		.align	4
                            74		.align	4
                            75		.globl	WM_GetDialogItem
                            76	WM_GetDialogItem:
        27bdffe8 000000a0   77		addiu	$sp, $sp, -24
        afb20008 000000a4   78		sw	$18, 8($sp)
                            79	 #	    .bf
        34120000 000000a8   80		ori	$18, $0, 0
        afb00000 000000ac   81		sw	$16, 0($sp)
        00048400 000000b0   82		sll	$16, $4, 16
        00108403 000000b4   83		sra	$16, $16, 16
        afb10004 000000b8   84		sw	$17, 4($sp)
        00a08825 000000bc   85		move	$17, $5
        12000008 000000c0   86		beq	$16, $0, .L61
        afbf0014 000000c4   87		sw	$ra, 20($sp)
        0c000000 000000c8   88		jal	GUI_Lock
        00000000 000000cc   89		nop
        02002025 000000d0   90		move	$4, $16
        0c000000 000000d4   91		jal	_GetDialogItem
        02202825 000000d8   92		move	$5, $17
        0c000000 000000dc   93		jal	GUI_Unlock
        00409025 000000e0   94		move	$18, $2
                            95	.L61:
        02401025 000000e4   96		move	$2, $18
                            97	 #	    .ef
        8fb20008 000000e8   98		lw	$18, 8($sp)
        8fb10004 000000ec   99		lw	$17, 4($sp)
        8fbf0014 000000f0  100		lw	$ra, 20($sp)
        8fb00000 000000f4  101		lw	$16, 0($sp)
        03e00008 000000f8  102		jr	$ra
        27bd0018 000000fc  103		addiu	$sp, $sp, 24
                           104		.type	WM_GetDialogItem,@function
                           105		.size	WM_GetDialogItem,.-WM_GetDialogItem
                           106		.align	4
                           107	 #r	$18	local
                           108	
                           109	 #hWin	$16	param
                           110	 #Id	$17	param
                           111	
                           112		.data
                           113	.L80:

                                   Tue Apr 07 08:50:40 2015           Page 4
                                   Tue Apr 07 08:50:40 2015       gh_2i010.s
                           114		.text
                           115		.align	4
                           116	
                           117		.data
                           118		.text
